<html>
  <head>
		<link rel="stylesheet" href="./assets/styles.css" type="text/css" />
  </head>
  <body>
    <p class="greeting">hello!</p>
  </body>
</html>
