<html>
  <body>
    <a href="./hello.html">:)</a>
  </body>
</html>
